predictions_asset_value_momentum
-0.5047248840559807
-0.0737178114522884
-0.11560518549362823
1.575858469813396
0.07832455759261142
0.00410441774891286
0.7366788656890046
-0.8709601440813833
0.605590953550544
-0.03013494967983545
-0.12253725112841156
1.0138059461755016
-1.1143452026203446
0.23899158389967137
-0.011883040243308956
0.38970084019346113
0.08184971919461896
0.5990021968794998
0.8699226857171536
-0.4529002540695027
0.5936906219561586
0.11914176096789833
-0.5872091765821661
-0.28484538780216107
-0.9467449643041059
-0.0875099021414149
0.20045940637231568
