predictions_remote_work_share
9.25610304892063
10.160129754543304
11.378019005060194
10.535311336517333
9.614878686666488
11.28557617664337
8.805868435502052
9.730546216368674
11.028771560192107
10.058776329755784
8.722382907271385
10.584283974170683
11.080578382015227
10.601321034431455
10.811338260173796
10.564013289213179
11.555290710926055
10.979243392944335
9.613335002660751
8.77040364742279
10.313802514076231
11.324072411060332
10.615169944763181
9.711436367034912
9.978146494030952
12.408414559364317
11.468856697082519
