predictions_asset_value_momentum
-0.14179564404374786
-0.6251246583293337
-0.7723137995510081
-0.20937938265212366
-0.34995399820963685
0.09886634912813816
-0.06934084681912052
-0.6175912790594258
-0.05152631936720901
-0.004356739354956919
0.09679862481356609
-0.44045721776162483
-0.3117361012911009
-0.2795617366342498
0.18432125125498275
-0.6567266294676667
-0.5095439792251425
0.11477765217377198
0.08037037696266139
0.09611657612837492
0.08743904124631224
-0.28294200110495576
-0.1479277405083963
-0.3400095230291968
-0.3441323706139639
-0.4386941696790706
0.45961871109955194
