predictions_remote_work_share
9.7973062479496
9.685604240894317
10.818911652565001
10.36208196878433
9.481909236907958
11.262879351377485
9.936231663227082
9.703960069417953
10.557082688808439
10.06564793586731
8.76891527056694
10.91147246956825
11.030612673759459
10.661233426332473
10.926809756755826
10.229986371994018
10.971658939123152
11.292978731393813
10.498003591299055
9.105944751501083
10.462455842494963
10.98036428451538
10.226321351528167
10.632095161676405
10.283238554000855
11.73942910671234
11.252663506269453
