predictions_asset_value_momentum
-0.34129837016737125
-0.05912710169611734
0.31553314936562094
0.5995813925937982
-0.27793900508051256
0.4251557721611567
0.272186735292319
0.556196016778898
-0.568637167395252
-0.3135872839452612
0.11769366560450817
-0.26095485317131234
-0.6264469134593948
-0.3820904205490612
0.6867688157584418
0.8486552331432077
0.503392568727188
-0.030593389264785026
-0.20484415816514379
-0.2535138511681604
-0.7169133625126084
-0.3346264815168576
-0.3272812882462544
-0.06080636228510124
0.07859241429823505
-0.6239805530536271
0.1347749122695129
