predictions_remote_work_share
7.652125031948089
10.31523435473442
11.52813367128372
10.628918073177337
9.850139324665069
11.616942205429076
9.269751009941102
10.04892674088478
11.434143471717833
8.562275468111038
9.02354938864708
12.1489638030529
9.593339624404907
10.629901311397552
9.308687243461609
11.042297230958937
11.964427195787428
11.836482093334196
10.154449095726013
9.027355749607086
11.242816375494002
9.829338920116424
10.982052996158599
9.48001035809517
9.097404098510742
12.53032012104988
10.205624186992646
