predictions_asset_value_momentum
0.4168906907916211
-0.07350361560845584
-0.3197650682271413
-0.0734198666228699
0.026083092275974922
-0.05529622976340873
0.6631003200131975
-0.4712936399578482
0.41725521525167913
0.41446188535756623
-0.05168293196432139
0.8954167816502455
-0.5606720693328585
0.2567810856748604
0.8179650070230369
0.30759843430608413
-0.10196384585707056
0.37927712916398054
0.09074206086382082
-0.10416117486490613
0.045318418430931824
0.692579284122952
0.6230336004095941
0.879268925063701
0.017592540356332887
-0.3384116483471558
0.10252393943178437
