predictions_remote_work_share
8.74628727197647
9.309602269530297
11.202686736583708
10.449635030627249
9.379569501280784
11.516792018413541
9.609443222880364
9.823328261971474
11.142545741796493
9.715706079006194
8.807595862150192
11.525557587146757
10.640685591101645
10.697082291841506
10.55903318762779
10.740689521431921
11.85370842695236
11.351047551631925
10.507322846055029
9.082701614499092
10.708452212810515
10.925788418054578
10.790798413753508
10.113179515004157
9.952469227910042
12.583330180644987
11.387985353469848
