predictions_asset_value_momentum
-0.5014106129818489
-0.007787246116576639
-0.06064473702400967
0.005816608866176623
0.0030840960034490333
0.035858652793757426
-0.1266763422639494
-0.24607205465361123
-0.24650184826671834
-0.01764374038477833
0.06131138541312511
0.050509662973250914
-0.5131462295412447
0.05939900244552547
-0.08724112317198217
-0.2313586277429968
-0.22533177199316204
-0.030171231153215447
-0.1433026023264779
0.09511514299045798
0.022620029697139287
-0.03367506863510326
-0.24158252537461486
-0.29634533532812585
-0.38684619258975134
-0.24261773744630816
-0.09487646099576176
