predictions_remote_work_share
9.49855177283287
9.494615132808685
11.721358417272565
10.88380537509918
9.837081921100616
10.237560993432998
6.55447106719017
7.2471390414237975
10.262232898473739
7.401056995987892
5.0002427533268925
8.853435657024383
8.459627856016159
7.971671922802925
9.693497800230979
8.490891144275665
10.753544746637344
8.302197897434235
7.413411998748779
5.181352160871029
8.013402396440506
5.176824041604996
6.400516241192817
7.919425716400147
7.978367775082588
9.758909566402435
10.601493101119994
